#-----------------------------------------------------------
# Vivado v2022.1 (64-bit)
# SW Build 3526262 on Mon Apr 18 15:48:16 MDT 2022
# IP Build 3524634 on Mon Apr 18 20:55:01 MDT 2022
# Start of session at: Tue Feb 28 12:52:26 2023
# Process ID: 21436
# Current directory: c:/Projects/pi-radio/HW/sims/zf_equalizer
# Command line: vivado.exe zf_equalizer.xpr
# Log file: c:/Projects/pi-radio/HW/sims/zf_equalizer/vivado.log
# Journal file: c:/Projects/pi-radio/HW/sims/zf_equalizer\vivado.jou
# Running On: DESKTOP-1UDCE0K, OS: Windows, CPU Frequency: 3187 MHz, CPU Physical cores: 16, Host memory: 137149 MB
#-----------------------------------------------------------
start_gui
open_project zf_equalizer.xpr
update_compile_order -fileset sources_1
open_bd_design {c:/Projects/pi-radio/HW/sims/zf_equalizer/zf_equalizer.srcs/sources_1/bd/zf_equalizer/zf_equalizer.bd}
set_property -dict [list CONFIG.Phase_Increment {Fixed} CONFIG.Phase_offset {Streaming} CONFIG.DATA_Has_TLAST {Not_Required} CONFIG.S_PHASE_Has_TUSER {Not_Required} CONFIG.Latency {8} CONFIG.Output_Frequency1 {0}] [get_ips dds_compiler_1]
generate_target all [get_files  c:/Projects/pi-radio/HW/sims/zf_equalizer/zf_equalizer.srcs/sources_1/ip/dds_compiler_1/dds_compiler_1.xci]
export_ip_user_files -of_objects [get_files c:/Projects/pi-radio/HW/sims/zf_equalizer/zf_equalizer.srcs/sources_1/ip/dds_compiler_1/dds_compiler_1.xci] -no_script -sync -force -quiet
export_simulation -of_objects [get_files c:/Projects/pi-radio/HW/sims/zf_equalizer/zf_equalizer.srcs/sources_1/ip/dds_compiler_1/dds_compiler_1.xci] -directory c:/Projects/pi-radio/HW/sims/zf_equalizer/zf_equalizer.ip_user_files/sim_scripts -ip_user_files_dir c:/Projects/pi-radio/HW/sims/zf_equalizer/zf_equalizer.ip_user_files -ipstatic_source_dir c:/Projects/pi-radio/HW/sims/zf_equalizer/zf_equalizer.ip_user_files/ipstatic -lib_map_path [list {modelsim=c:/Projects/pi-radio/HW/sims/zf_equalizer/zf_equalizer.cache/compile_simlib/modelsim} {questa=c:/Projects/pi-radio/HW/sims/zf_equalizer/zf_equalizer.cache/compile_simlib/questa} {riviera=c:/Projects/pi-radio/HW/sims/zf_equalizer/zf_equalizer.cache/compile_simlib/riviera} {activehdl=c:/Projects/pi-radio/HW/sims/zf_equalizer/zf_equalizer.cache/compile_simlib/activehdl}] -use_ip_compiled_libs -force -quiet
update_module_reference zf_equalizer_polar_to_cartesian_0_0
generate_target Simulation [get_files c:/Projects/pi-radio/HW/sims/zf_equalizer/zf_equalizer.srcs/sources_1/ip/div_gen_0/div_gen_0.xci]
generate_target Simulation [get_files c:/Projects/pi-radio/HW/sims/zf_equalizer/zf_equalizer.srcs/sources_1/ip/cordic_0_1/cordic_0.xci]
generate_target Simulation [get_files c:/Projects/pi-radio/HW/sims/zf_equalizer/zf_equalizer.srcs/sources_1/ip/div_gen_0/div_gen_0.xci]
generate_target Simulation [get_files c:/Projects/pi-radio/HW/sims/zf_equalizer/zf_equalizer.srcs/sources_1/ip/mult_gen_0/mult_gen_0.xci]
generate_target Simulation [get_files c:/Projects/pi-radio/HW/sims/zf_equalizer/zf_equalizer.srcs/sources_1/ip/dds_compiler_1/dds_compiler_1.xci]
generate_target Simulation [get_files c:/Projects/pi-radio/HW/sims/zf_equalizer/zf_equalizer.srcs/sources_1/bd/zf_equalizer/zf_equalizer.bd]
export_ip_user_files -of_objects [get_files c:/Projects/pi-radio/HW/sims/zf_equalizer/zf_equalizer.srcs/sources_1/bd/zf_equalizer/zf_equalizer.bd] -no_script -sync -force -quiet
export_simulation -of_objects [get_files c:/Projects/pi-radio/HW/sims/zf_equalizer/zf_equalizer.srcs/sources_1/bd/zf_equalizer/zf_equalizer.bd] -directory c:/Projects/pi-radio/HW/sims/zf_equalizer/zf_equalizer.ip_user_files/sim_scripts -ip_user_files_dir c:/Projects/pi-radio/HW/sims/zf_equalizer/zf_equalizer.ip_user_files -ipstatic_source_dir c:/Projects/pi-radio/HW/sims/zf_equalizer/zf_equalizer.ip_user_files/ipstatic -lib_map_path [list {modelsim=c:/Projects/pi-radio/HW/sims/zf_equalizer/zf_equalizer.cache/compile_simlib/modelsim} {questa=c:/Projects/pi-radio/HW/sims/zf_equalizer/zf_equalizer.cache/compile_simlib/questa} {riviera=c:/Projects/pi-radio/HW/sims/zf_equalizer/zf_equalizer.cache/compile_simlib/riviera} {activehdl=c:/Projects/pi-radio/HW/sims/zf_equalizer/zf_equalizer.cache/compile_simlib/activehdl}] -use_ip_compiled_libs -force -quiet
launch_simulation
open_wave_config c:/Projects/pi-radio/HW/sims/zf_equalizer/zf_equalizer_tb_behav.wcfg
source zf_equalizer_tb.tcl
run all
open_bd_design {c:/Projects/pi-radio/HW/sims/zf_equalizer/zf_equalizer.srcs/sources_1/bd/zf_equalizer/zf_equalizer.bd}
open_bd_design {c:/Projects/pi-radio/HW/sims/zf_equalizer/zf_equalizer.srcs/sources_1/bd/zf_equalizer/zf_equalizer.bd}
create_ip -name cordic -vendor xilinx.com -library ip -version 6.0 -module_name cordic_2
set_property -dict [list CONFIG.Phase_Format {Scaled_Radians} CONFIG.cartesian_has_tlast {true} CONFIG.phase_has_tlast {true} CONFIG.ARESETN {false} CONFIG.out_tlast_behv {Pass_Cartesian_TLAST}] [get_ips cordic_2]
generate_target {instantiation_template} [get_files c:/Projects/pi-radio/HW/sims/zf_equalizer/zf_equalizer.srcs/sources_1/ip/cordic_2/cordic_2.xci]
generate_target all [get_files  c:/Projects/pi-radio/HW/sims/zf_equalizer/zf_equalizer.srcs/sources_1/ip/cordic_2/cordic_2.xci]
catch { config_ip_cache -export [get_ips -all cordic_2] }
export_ip_user_files -of_objects [get_files c:/Projects/pi-radio/HW/sims/zf_equalizer/zf_equalizer.srcs/sources_1/ip/cordic_2/cordic_2.xci] -no_script -sync -force -quiet
create_ip_run [get_files -of_objects [get_fileset sources_1] c:/Projects/pi-radio/HW/sims/zf_equalizer/zf_equalizer.srcs/sources_1/ip/cordic_2/cordic_2.xci]
launch_runs cordic_2_synth_1 -jobs 24
wait_on_run cordic_2_synth_1
export_simulation -of_objects [get_files c:/Projects/pi-radio/HW/sims/zf_equalizer/zf_equalizer.srcs/sources_1/ip/cordic_2/cordic_2.xci] -directory c:/Projects/pi-radio/HW/sims/zf_equalizer/zf_equalizer.ip_user_files/sim_scripts -ip_user_files_dir c:/Projects/pi-radio/HW/sims/zf_equalizer/zf_equalizer.ip_user_files -ipstatic_source_dir c:/Projects/pi-radio/HW/sims/zf_equalizer/zf_equalizer.ip_user_files/ipstatic -lib_map_path [list {modelsim=c:/Projects/pi-radio/HW/sims/zf_equalizer/zf_equalizer.cache/compile_simlib/modelsim} {questa=c:/Projects/pi-radio/HW/sims/zf_equalizer/zf_equalizer.cache/compile_simlib/questa} {riviera=c:/Projects/pi-radio/HW/sims/zf_equalizer/zf_equalizer.cache/compile_simlib/riviera} {activehdl=c:/Projects/pi-radio/HW/sims/zf_equalizer/zf_equalizer.cache/compile_simlib/activehdl}] -use_ip_compiled_libs -force -quiet
export_ip_user_files -of_objects  [get_files c:/Projects/pi-radio/HW/sims/zf_equalizer/zf_equalizer.srcs/sources_1/ip/cordic_1/cordic_1.xci] -no_script -reset -force -quiet
remove_files  -fileset cordic_1 c:/Projects/pi-radio/HW/sims/zf_equalizer/zf_equalizer.srcs/sources_1/ip/cordic_1/cordic_1.xci
file delete -force c:/Projects/pi-radio/HW/sims/zf_equalizer/zf_equalizer.srcs/sources_1/ip/cordic_1
file delete -force c:/Projects/pi-radio/HW/sims/zf_equalizer/zf_equalizer.gen/sources_1/ip/cordic_1
export_ip_user_files -of_objects  [get_files c:/Projects/pi-radio/HW/sims/zf_equalizer/zf_equalizer.srcs/sources_1/ip/cmpy_1/cmpy_1.xci] -no_script -reset -force -quiet
remove_files  c:/Projects/pi-radio/HW/sims/zf_equalizer/zf_equalizer.srcs/sources_1/ip/cmpy_1/cmpy_1.xci
file delete -force c:/Projects/pi-radio/HW/sims/zf_equalizer/zf_equalizer.srcs/sources_1/ip/cmpy_1
file delete -force c:/Projects/pi-radio/HW/sims/zf_equalizer/zf_equalizer.gen/sources_1/ip/cmpy_1
export_ip_user_files -of_objects  [get_files c:/Projects/pi-radio/HW/sims/zf_equalizer/zf_equalizer.srcs/sources_1/ip/dds_compiler_1/dds_compiler_1.xci] -no_script -reset -force -quiet
remove_files  c:/Projects/pi-radio/HW/sims/zf_equalizer/zf_equalizer.srcs/sources_1/ip/dds_compiler_1/dds_compiler_1.xci
file delete -force c:/Projects/pi-radio/HW/sims/zf_equalizer/zf_equalizer.srcs/sources_1/ip/dds_compiler_1
file delete -force c:/Projects/pi-radio/HW/sims/zf_equalizer/zf_equalizer.gen/sources_1/ip/dds_compiler_1
export_ip_user_files -of_objects  [get_files c:/Projects/pi-radio/HW/sims/zf_equalizer/zf_equalizer.srcs/sources_1/ip/cordic_0_1/cordic_0.xci] -no_script -reset -force -quiet
remove_files  -fileset cordic_0 c:/Projects/pi-radio/HW/sims/zf_equalizer/zf_equalizer.srcs/sources_1/ip/cordic_0_1/cordic_0.xci
file delete -force c:/Projects/pi-radio/HW/sims/zf_equalizer/zf_equalizer.srcs/sources_1/ip/cordic_0_1
file delete -force c:/Projects/pi-radio/HW/sims/zf_equalizer/zf_equalizer.gen/sources_1/ip/cordic_0_1
export_ip_user_files -of_objects  [get_files c:/Projects/pi-radio/HW/sims/zf_equalizer/zf_equalizer.srcs/sources_1/ip/cordic_2/cordic_2.xci] -no_script -reset -force -quiet
remove_files  -fileset cordic_2 c:/Projects/pi-radio/HW/sims/zf_equalizer/zf_equalizer.srcs/sources_1/ip/cordic_2/cordic_2.xci
file delete -force c:/Projects/pi-radio/HW/sims/zf_equalizer/zf_equalizer.srcs/sources_1/ip/cordic_2
file delete -force c:/Projects/pi-radio/HW/sims/zf_equalizer/zf_equalizer.gen/sources_1/ip/cordic_2
export_ip_user_files -of_objects  [get_files c:/Projects/pi-radio/HW/sims/zf_equalizer/zf_equalizer.srcs/sources_1/ip/mult_gen_0/mult_gen_0.xci] -no_script -reset -force -quiet
remove_files  c:/Projects/pi-radio/HW/sims/zf_equalizer/zf_equalizer.srcs/sources_1/ip/mult_gen_0/mult_gen_0.xci
file delete -force c:/Projects/pi-radio/HW/sims/zf_equalizer/zf_equalizer.srcs/sources_1/ip/mult_gen_0
file delete -force c:/Projects/pi-radio/HW/sims/zf_equalizer/zf_equalizer.gen/sources_1/ip/mult_gen_0
pwd
cd ../../
ls
cd modules
import_ip src/ip/cordic_polar_to_rec.xci
update_compile_order -fileset sources_1
import_ip src/ip/cordic_rec_to_polar.xci
update_compile_order -fileset sources_1
upgrade_ip [get_ips {*}]
generate_target all [get_files  c:/Projects/pi-radio/HW/sims/zf_equalizer/zf_equalizer.srcs/sources_1/ip/cordic_polar_to_rec/cordic_polar_to_rec.xci]
catch { config_ip_cache -export [get_ips -all cordic_polar_to_rec] }
export_ip_user_files -of_objects [get_files c:/Projects/pi-radio/HW/sims/zf_equalizer/zf_equalizer.srcs/sources_1/ip/cordic_polar_to_rec/cordic_polar_to_rec.xci] -no_script -sync -force -quiet
create_ip_run [get_files -of_objects [get_fileset sources_1] c:/Projects/pi-radio/HW/sims/zf_equalizer/zf_equalizer.srcs/sources_1/ip/cordic_polar_to_rec/cordic_polar_to_rec.xci]
export_simulation -of_objects [get_files c:/Projects/pi-radio/HW/sims/zf_equalizer/zf_equalizer.srcs/sources_1/ip/cordic_polar_to_rec/cordic_polar_to_rec.xci] -directory c:/Projects/pi-radio/HW/sims/zf_equalizer/zf_equalizer.ip_user_files/sim_scripts -ip_user_files_dir c:/Projects/pi-radio/HW/sims/zf_equalizer/zf_equalizer.ip_user_files -ipstatic_source_dir c:/Projects/pi-radio/HW/sims/zf_equalizer/zf_equalizer.ip_user_files/ipstatic -lib_map_path [list {modelsim=c:/Projects/pi-radio/HW/sims/zf_equalizer/zf_equalizer.cache/compile_simlib/modelsim} {questa=c:/Projects/pi-radio/HW/sims/zf_equalizer/zf_equalizer.cache/compile_simlib/questa} {riviera=c:/Projects/pi-radio/HW/sims/zf_equalizer/zf_equalizer.cache/compile_simlib/riviera} {activehdl=c:/Projects/pi-radio/HW/sims/zf_equalizer/zf_equalizer.cache/compile_simlib/activehdl}] -use_ip_compiled_libs -force -quiet
delete_bd_objs [get_bd_intf_nets polar_to_cartesian_0_m_axis] [get_bd_intf_nets Normalized_ZF_stage_1_m_axis] [get_bd_cells polar_to_cartesian_0]
update_compile_order -fileset sources_1
add_files -norecurse C:/Projects/pi-radio/HW/modules/src/rtl/polar_to_cartesian_cordic.vhd
update_compile_order -fileset sources_1
create_bd_cell -type module -reference polar_to_cartesian_cordic polar_to_cartesian_c_0
set_property location {3 1936 315} [get_bd_cells polar_to_cartesian_c_0]
connect_bd_intf_net -boundary_type upper [get_bd_intf_pins Normalized_ZF_stage_1/m_axis] [get_bd_intf_pins polar_to_cartesian_c_0/s_axis]
connect_bd_net [get_bd_ports aclk] [get_bd_pins polar_to_cartesian_c_0/axis_aclk]
connect_bd_net [get_bd_ports aresetn] [get_bd_pins polar_to_cartesian_c_0/axis_aresetn]
connect_bd_intf_net [get_bd_intf_pins polar_to_cartesian_c_0/m_axis] [get_bd_intf_pins mux_0/s_axis0]
set_property name polar_to_cartesian [get_bd_cells polar_to_cartesian_c_0]
validate_bd_design
close_sim
save_bd_design
generate_target Simulation [get_files c:/Projects/pi-radio/HW/sims/zf_equalizer/zf_equalizer.srcs/sources_1/ip/div_gen_0/div_gen_0.xci]
generate_target Simulation [get_files c:/Projects/pi-radio/HW/sims/zf_equalizer/zf_equalizer.srcs/sources_1/ip/div_gen_0/div_gen_0.xci]
generate_target Simulation [get_files c:/Projects/pi-radio/HW/sims/zf_equalizer/zf_equalizer.srcs/sources_1/ip/cordic_rec_to_polar/cordic_rec_to_polar.xci]
generate_target Simulation [get_files c:/Projects/pi-radio/HW/sims/zf_equalizer/zf_equalizer.srcs/sources_1/ip/cordic_polar_to_rec/cordic_polar_to_rec.xci]
generate_target Simulation [get_files c:/Projects/pi-radio/HW/sims/zf_equalizer/zf_equalizer.srcs/sources_1/bd/zf_equalizer/zf_equalizer.bd]
export_ip_user_files -of_objects [get_files c:/Projects/pi-radio/HW/sims/zf_equalizer/zf_equalizer.srcs/sources_1/bd/zf_equalizer/zf_equalizer.bd] -no_script -sync -force -quiet
export_simulation -of_objects [get_files c:/Projects/pi-radio/HW/sims/zf_equalizer/zf_equalizer.srcs/sources_1/bd/zf_equalizer/zf_equalizer.bd] -directory c:/Projects/pi-radio/HW/sims/zf_equalizer/zf_equalizer.ip_user_files/sim_scripts -ip_user_files_dir c:/Projects/pi-radio/HW/sims/zf_equalizer/zf_equalizer.ip_user_files -ipstatic_source_dir c:/Projects/pi-radio/HW/sims/zf_equalizer/zf_equalizer.ip_user_files/ipstatic -lib_map_path [list {modelsim=c:/Projects/pi-radio/HW/sims/zf_equalizer/zf_equalizer.cache/compile_simlib/modelsim} {questa=c:/Projects/pi-radio/HW/sims/zf_equalizer/zf_equalizer.cache/compile_simlib/questa} {riviera=c:/Projects/pi-radio/HW/sims/zf_equalizer/zf_equalizer.cache/compile_simlib/riviera} {activehdl=c:/Projects/pi-radio/HW/sims/zf_equalizer/zf_equalizer.cache/compile_simlib/activehdl}] -use_ip_compiled_libs -force -quiet
launch_simulation
update_compile_order -fileset sources_1
update_module_reference zf_equalizer_polar_to_cartesian_c_0_0
generate_target Simulation [get_files c:/Projects/pi-radio/HW/sims/zf_equalizer/zf_equalizer.srcs/sources_1/ip/div_gen_0/div_gen_0.xci]
generate_target Simulation [get_files c:/Projects/pi-radio/HW/sims/zf_equalizer/zf_equalizer.srcs/sources_1/ip/div_gen_0/div_gen_0.xci]
generate_target Simulation [get_files c:/Projects/pi-radio/HW/sims/zf_equalizer/zf_equalizer.srcs/sources_1/ip/cordic_rec_to_polar/cordic_rec_to_polar.xci]
generate_target Simulation [get_files c:/Projects/pi-radio/HW/sims/zf_equalizer/zf_equalizer.srcs/sources_1/ip/cordic_polar_to_rec/cordic_polar_to_rec.xci]
generate_target Simulation [get_files c:/Projects/pi-radio/HW/sims/zf_equalizer/zf_equalizer.srcs/sources_1/bd/zf_equalizer/zf_equalizer.bd]
export_ip_user_files -of_objects [get_files c:/Projects/pi-radio/HW/sims/zf_equalizer/zf_equalizer.srcs/sources_1/bd/zf_equalizer/zf_equalizer.bd] -no_script -sync -force -quiet
export_simulation -of_objects [get_files c:/Projects/pi-radio/HW/sims/zf_equalizer/zf_equalizer.srcs/sources_1/bd/zf_equalizer/zf_equalizer.bd] -directory c:/Projects/pi-radio/HW/sims/zf_equalizer/zf_equalizer.ip_user_files/sim_scripts -ip_user_files_dir c:/Projects/pi-radio/HW/sims/zf_equalizer/zf_equalizer.ip_user_files -ipstatic_source_dir c:/Projects/pi-radio/HW/sims/zf_equalizer/zf_equalizer.ip_user_files/ipstatic -lib_map_path [list {modelsim=c:/Projects/pi-radio/HW/sims/zf_equalizer/zf_equalizer.cache/compile_simlib/modelsim} {questa=c:/Projects/pi-radio/HW/sims/zf_equalizer/zf_equalizer.cache/compile_simlib/questa} {riviera=c:/Projects/pi-radio/HW/sims/zf_equalizer/zf_equalizer.cache/compile_simlib/riviera} {activehdl=c:/Projects/pi-radio/HW/sims/zf_equalizer/zf_equalizer.cache/compile_simlib/activehdl}] -use_ip_compiled_libs -force -quiet
launch_simulation
update_module_reference zf_equalizer_polar_to_cartesian_c_0_0
generate_target Simulation [get_files c:/Projects/pi-radio/HW/sims/zf_equalizer/zf_equalizer.srcs/sources_1/ip/div_gen_0/div_gen_0.xci]
generate_target Simulation [get_files c:/Projects/pi-radio/HW/sims/zf_equalizer/zf_equalizer.srcs/sources_1/ip/div_gen_0/div_gen_0.xci]
generate_target Simulation [get_files c:/Projects/pi-radio/HW/sims/zf_equalizer/zf_equalizer.srcs/sources_1/ip/cordic_rec_to_polar/cordic_rec_to_polar.xci]
generate_target Simulation [get_files c:/Projects/pi-radio/HW/sims/zf_equalizer/zf_equalizer.srcs/sources_1/ip/cordic_polar_to_rec/cordic_polar_to_rec.xci]
generate_target Simulation [get_files c:/Projects/pi-radio/HW/sims/zf_equalizer/zf_equalizer.srcs/sources_1/bd/zf_equalizer/zf_equalizer.bd]
export_ip_user_files -of_objects [get_files c:/Projects/pi-radio/HW/sims/zf_equalizer/zf_equalizer.srcs/sources_1/bd/zf_equalizer/zf_equalizer.bd] -no_script -sync -force -quiet
export_simulation -of_objects [get_files c:/Projects/pi-radio/HW/sims/zf_equalizer/zf_equalizer.srcs/sources_1/bd/zf_equalizer/zf_equalizer.bd] -directory c:/Projects/pi-radio/HW/sims/zf_equalizer/zf_equalizer.ip_user_files/sim_scripts -ip_user_files_dir c:/Projects/pi-radio/HW/sims/zf_equalizer/zf_equalizer.ip_user_files -ipstatic_source_dir c:/Projects/pi-radio/HW/sims/zf_equalizer/zf_equalizer.ip_user_files/ipstatic -lib_map_path [list {modelsim=c:/Projects/pi-radio/HW/sims/zf_equalizer/zf_equalizer.cache/compile_simlib/modelsim} {questa=c:/Projects/pi-radio/HW/sims/zf_equalizer/zf_equalizer.cache/compile_simlib/questa} {riviera=c:/Projects/pi-radio/HW/sims/zf_equalizer/zf_equalizer.cache/compile_simlib/riviera} {activehdl=c:/Projects/pi-radio/HW/sims/zf_equalizer/zf_equalizer.cache/compile_simlib/activehdl}] -use_ip_compiled_libs -force -quiet
launch_simulation
update_module_reference zf_equalizer_polar_to_cartesian_c_0_0
generate_target Simulation [get_files c:/Projects/pi-radio/HW/sims/zf_equalizer/zf_equalizer.srcs/sources_1/ip/div_gen_0/div_gen_0.xci]
generate_target Simulation [get_files c:/Projects/pi-radio/HW/sims/zf_equalizer/zf_equalizer.srcs/sources_1/ip/div_gen_0/div_gen_0.xci]
generate_target Simulation [get_files c:/Projects/pi-radio/HW/sims/zf_equalizer/zf_equalizer.srcs/sources_1/ip/cordic_rec_to_polar/cordic_rec_to_polar.xci]
generate_target Simulation [get_files c:/Projects/pi-radio/HW/sims/zf_equalizer/zf_equalizer.srcs/sources_1/ip/cordic_polar_to_rec/cordic_polar_to_rec.xci]
generate_target Simulation [get_files c:/Projects/pi-radio/HW/sims/zf_equalizer/zf_equalizer.srcs/sources_1/bd/zf_equalizer/zf_equalizer.bd]
export_ip_user_files -of_objects [get_files c:/Projects/pi-radio/HW/sims/zf_equalizer/zf_equalizer.srcs/sources_1/bd/zf_equalizer/zf_equalizer.bd] -no_script -sync -force -quiet
export_simulation -of_objects [get_files c:/Projects/pi-radio/HW/sims/zf_equalizer/zf_equalizer.srcs/sources_1/bd/zf_equalizer/zf_equalizer.bd] -directory c:/Projects/pi-radio/HW/sims/zf_equalizer/zf_equalizer.ip_user_files/sim_scripts -ip_user_files_dir c:/Projects/pi-radio/HW/sims/zf_equalizer/zf_equalizer.ip_user_files -ipstatic_source_dir c:/Projects/pi-radio/HW/sims/zf_equalizer/zf_equalizer.ip_user_files/ipstatic -lib_map_path [list {modelsim=c:/Projects/pi-radio/HW/sims/zf_equalizer/zf_equalizer.cache/compile_simlib/modelsim} {questa=c:/Projects/pi-radio/HW/sims/zf_equalizer/zf_equalizer.cache/compile_simlib/questa} {riviera=c:/Projects/pi-radio/HW/sims/zf_equalizer/zf_equalizer.cache/compile_simlib/riviera} {activehdl=c:/Projects/pi-radio/HW/sims/zf_equalizer/zf_equalizer.cache/compile_simlib/activehdl}] -use_ip_compiled_libs -force -quiet
launch_simulation
generate_target all [get_files  c:/Projects/pi-radio/HW/sims/zf_equalizer/zf_equalizer.srcs/sources_1/ip/cordic_rec_to_polar/cordic_rec_to_polar.xci]
export_ip_user_files -of_objects [get_files c:/Projects/pi-radio/HW/sims/zf_equalizer/zf_equalizer.srcs/sources_1/ip/cordic_rec_to_polar/cordic_rec_to_polar.xci] -no_script -sync -force -quiet
export_simulation -of_objects [get_files c:/Projects/pi-radio/HW/sims/zf_equalizer/zf_equalizer.srcs/sources_1/ip/cordic_rec_to_polar/cordic_rec_to_polar.xci] -directory c:/Projects/pi-radio/HW/sims/zf_equalizer/zf_equalizer.ip_user_files/sim_scripts -ip_user_files_dir c:/Projects/pi-radio/HW/sims/zf_equalizer/zf_equalizer.ip_user_files -ipstatic_source_dir c:/Projects/pi-radio/HW/sims/zf_equalizer/zf_equalizer.ip_user_files/ipstatic -lib_map_path [list {modelsim=c:/Projects/pi-radio/HW/sims/zf_equalizer/zf_equalizer.cache/compile_simlib/modelsim} {questa=c:/Projects/pi-radio/HW/sims/zf_equalizer/zf_equalizer.cache/compile_simlib/questa} {riviera=c:/Projects/pi-radio/HW/sims/zf_equalizer/zf_equalizer.cache/compile_simlib/riviera} {activehdl=c:/Projects/pi-radio/HW/sims/zf_equalizer/zf_equalizer.cache/compile_simlib/activehdl}] -use_ip_compiled_libs -force -quiet
set_property -dict [list CONFIG.Input_Width {16} CONFIG.Output_Width {16}] [get_ips cordic_rec_to_polar]
generate_target all [get_files  c:/Projects/pi-radio/HW/sims/zf_equalizer/zf_equalizer.srcs/sources_1/ip/cordic_rec_to_polar/cordic_rec_to_polar.xci]
export_ip_user_files -of_objects [get_files c:/Projects/pi-radio/HW/sims/zf_equalizer/zf_equalizer.srcs/sources_1/ip/cordic_rec_to_polar/cordic_rec_to_polar.xci] -no_script -sync -force -quiet
export_simulation -of_objects [get_files c:/Projects/pi-radio/HW/sims/zf_equalizer/zf_equalizer.srcs/sources_1/ip/cordic_rec_to_polar/cordic_rec_to_polar.xci] -directory c:/Projects/pi-radio/HW/sims/zf_equalizer/zf_equalizer.ip_user_files/sim_scripts -ip_user_files_dir c:/Projects/pi-radio/HW/sims/zf_equalizer/zf_equalizer.ip_user_files -ipstatic_source_dir c:/Projects/pi-radio/HW/sims/zf_equalizer/zf_equalizer.ip_user_files/ipstatic -lib_map_path [list {modelsim=c:/Projects/pi-radio/HW/sims/zf_equalizer/zf_equalizer.cache/compile_simlib/modelsim} {questa=c:/Projects/pi-radio/HW/sims/zf_equalizer/zf_equalizer.cache/compile_simlib/questa} {riviera=c:/Projects/pi-radio/HW/sims/zf_equalizer/zf_equalizer.cache/compile_simlib/riviera} {activehdl=c:/Projects/pi-radio/HW/sims/zf_equalizer/zf_equalizer.cache/compile_simlib/activehdl}] -use_ip_compiled_libs -force -quiet
generate_target Simulation [get_files c:/Projects/pi-radio/HW/sims/zf_equalizer/zf_equalizer.srcs/sources_1/ip/div_gen_0/div_gen_0.xci]
generate_target Simulation [get_files c:/Projects/pi-radio/HW/sims/zf_equalizer/zf_equalizer.srcs/sources_1/ip/div_gen_0/div_gen_0.xci]
generate_target Simulation [get_files c:/Projects/pi-radio/HW/sims/zf_equalizer/zf_equalizer.srcs/sources_1/ip/cordic_rec_to_polar/cordic_rec_to_polar.xci]
generate_target Simulation [get_files c:/Projects/pi-radio/HW/sims/zf_equalizer/zf_equalizer.srcs/sources_1/ip/cordic_polar_to_rec/cordic_polar_to_rec.xci]
launch_simulation
set_property -dict [list CONFIG.cartesian_has_tlast {true} CONFIG.ARESETN {true} CONFIG.out_tlast_behv {Pass_Cartesian_TLAST}] [get_ips cordic_rec_to_polar]
generate_target all [get_files  c:/Projects/pi-radio/HW/sims/zf_equalizer/zf_equalizer.srcs/sources_1/ip/cordic_rec_to_polar/cordic_rec_to_polar.xci]
export_ip_user_files -of_objects [get_files c:/Projects/pi-radio/HW/sims/zf_equalizer/zf_equalizer.srcs/sources_1/ip/cordic_rec_to_polar/cordic_rec_to_polar.xci] -no_script -sync -force -quiet
export_simulation -of_objects [get_files c:/Projects/pi-radio/HW/sims/zf_equalizer/zf_equalizer.srcs/sources_1/ip/cordic_rec_to_polar/cordic_rec_to_polar.xci] -directory c:/Projects/pi-radio/HW/sims/zf_equalizer/zf_equalizer.ip_user_files/sim_scripts -ip_user_files_dir c:/Projects/pi-radio/HW/sims/zf_equalizer/zf_equalizer.ip_user_files -ipstatic_source_dir c:/Projects/pi-radio/HW/sims/zf_equalizer/zf_equalizer.ip_user_files/ipstatic -lib_map_path [list {modelsim=c:/Projects/pi-radio/HW/sims/zf_equalizer/zf_equalizer.cache/compile_simlib/modelsim} {questa=c:/Projects/pi-radio/HW/sims/zf_equalizer/zf_equalizer.cache/compile_simlib/questa} {riviera=c:/Projects/pi-radio/HW/sims/zf_equalizer/zf_equalizer.cache/compile_simlib/riviera} {activehdl=c:/Projects/pi-radio/HW/sims/zf_equalizer/zf_equalizer.cache/compile_simlib/activehdl}] -use_ip_compiled_libs -force -quiet
generate_target Simulation [get_files c:/Projects/pi-radio/HW/sims/zf_equalizer/zf_equalizer.srcs/sources_1/ip/div_gen_0/div_gen_0.xci]
generate_target Simulation [get_files c:/Projects/pi-radio/HW/sims/zf_equalizer/zf_equalizer.srcs/sources_1/ip/div_gen_0/div_gen_0.xci]
generate_target Simulation [get_files c:/Projects/pi-radio/HW/sims/zf_equalizer/zf_equalizer.srcs/sources_1/ip/cordic_rec_to_polar/cordic_rec_to_polar.xci]
generate_target Simulation [get_files c:/Projects/pi-radio/HW/sims/zf_equalizer/zf_equalizer.srcs/sources_1/ip/cordic_polar_to_rec/cordic_polar_to_rec.xci]
launch_simulation
set_property -dict [list CONFIG.ARESETN {false}] [get_ips cordic_rec_to_polar]
generate_target all [get_files  c:/Projects/pi-radio/HW/sims/zf_equalizer/zf_equalizer.srcs/sources_1/ip/cordic_rec_to_polar/cordic_rec_to_polar.xci]
export_ip_user_files -of_objects [get_files c:/Projects/pi-radio/HW/sims/zf_equalizer/zf_equalizer.srcs/sources_1/ip/cordic_rec_to_polar/cordic_rec_to_polar.xci] -no_script -sync -force -quiet
export_simulation -of_objects [get_files c:/Projects/pi-radio/HW/sims/zf_equalizer/zf_equalizer.srcs/sources_1/ip/cordic_rec_to_polar/cordic_rec_to_polar.xci] -directory c:/Projects/pi-radio/HW/sims/zf_equalizer/zf_equalizer.ip_user_files/sim_scripts -ip_user_files_dir c:/Projects/pi-radio/HW/sims/zf_equalizer/zf_equalizer.ip_user_files -ipstatic_source_dir c:/Projects/pi-radio/HW/sims/zf_equalizer/zf_equalizer.ip_user_files/ipstatic -lib_map_path [list {modelsim=c:/Projects/pi-radio/HW/sims/zf_equalizer/zf_equalizer.cache/compile_simlib/modelsim} {questa=c:/Projects/pi-radio/HW/sims/zf_equalizer/zf_equalizer.cache/compile_simlib/questa} {riviera=c:/Projects/pi-radio/HW/sims/zf_equalizer/zf_equalizer.cache/compile_simlib/riviera} {activehdl=c:/Projects/pi-radio/HW/sims/zf_equalizer/zf_equalizer.cache/compile_simlib/activehdl}] -use_ip_compiled_libs -force -quiet
generate_target Simulation [get_files c:/Projects/pi-radio/HW/sims/zf_equalizer/zf_equalizer.srcs/sources_1/ip/div_gen_0/div_gen_0.xci]
generate_target Simulation [get_files c:/Projects/pi-radio/HW/sims/zf_equalizer/zf_equalizer.srcs/sources_1/ip/div_gen_0/div_gen_0.xci]
generate_target Simulation [get_files c:/Projects/pi-radio/HW/sims/zf_equalizer/zf_equalizer.srcs/sources_1/ip/cordic_rec_to_polar/cordic_rec_to_polar.xci]
generate_target Simulation [get_files c:/Projects/pi-radio/HW/sims/zf_equalizer/zf_equalizer.srcs/sources_1/ip/cordic_polar_to_rec/cordic_polar_to_rec.xci]
launch_simulation
generate_target Simulation [get_files c:/Projects/pi-radio/HW/sims/zf_equalizer/zf_equalizer.srcs/sources_1/ip/div_gen_0/div_gen_0.xci]
generate_target Simulation [get_files c:/Projects/pi-radio/HW/sims/zf_equalizer/zf_equalizer.srcs/sources_1/ip/div_gen_0/div_gen_0.xci]
generate_target Simulation [get_files c:/Projects/pi-radio/HW/sims/zf_equalizer/zf_equalizer.srcs/sources_1/ip/cordic_rec_to_polar/cordic_rec_to_polar.xci]
generate_target Simulation [get_files c:/Projects/pi-radio/HW/sims/zf_equalizer/zf_equalizer.srcs/sources_1/ip/cordic_polar_to_rec/cordic_polar_to_rec.xci]
launch_simulation
open_wave_config c:/Projects/pi-radio/HW/sims/zf_equalizer/zf_equalizer_tb_behav.wcfg
source zf_equalizer_tb.tcl
run all
set_property -dict [list CONFIG.Compensation_Scaling {LUT_based}] [get_ips cordic_rec_to_polar]
generate_target all [get_files  c:/Projects/pi-radio/HW/sims/zf_equalizer/zf_equalizer.srcs/sources_1/ip/cordic_rec_to_polar/cordic_rec_to_polar.xci]
export_ip_user_files -of_objects [get_files c:/Projects/pi-radio/HW/sims/zf_equalizer/zf_equalizer.srcs/sources_1/ip/cordic_rec_to_polar/cordic_rec_to_polar.xci] -no_script -sync -force -quiet
export_simulation -of_objects [get_files c:/Projects/pi-radio/HW/sims/zf_equalizer/zf_equalizer.srcs/sources_1/ip/cordic_rec_to_polar/cordic_rec_to_polar.xci] -directory c:/Projects/pi-radio/HW/sims/zf_equalizer/zf_equalizer.ip_user_files/sim_scripts -ip_user_files_dir c:/Projects/pi-radio/HW/sims/zf_equalizer/zf_equalizer.ip_user_files -ipstatic_source_dir c:/Projects/pi-radio/HW/sims/zf_equalizer/zf_equalizer.ip_user_files/ipstatic -lib_map_path [list {modelsim=c:/Projects/pi-radio/HW/sims/zf_equalizer/zf_equalizer.cache/compile_simlib/modelsim} {questa=c:/Projects/pi-radio/HW/sims/zf_equalizer/zf_equalizer.cache/compile_simlib/questa} {riviera=c:/Projects/pi-radio/HW/sims/zf_equalizer/zf_equalizer.cache/compile_simlib/riviera} {activehdl=c:/Projects/pi-radio/HW/sims/zf_equalizer/zf_equalizer.cache/compile_simlib/activehdl}] -use_ip_compiled_libs -force -quiet
relaunch_sim
run all
set_property -dict [list CONFIG.Compensation_Scaling {Embedded_Multiplier}] [get_ips cordic_rec_to_polar]
generate_target all [get_files  c:/Projects/pi-radio/HW/sims/zf_equalizer/zf_equalizer.srcs/sources_1/ip/cordic_rec_to_polar/cordic_rec_to_polar.xci]
export_ip_user_files -of_objects [get_files c:/Projects/pi-radio/HW/sims/zf_equalizer/zf_equalizer.srcs/sources_1/ip/cordic_rec_to_polar/cordic_rec_to_polar.xci] -no_script -sync -force -quiet
export_simulation -of_objects [get_files c:/Projects/pi-radio/HW/sims/zf_equalizer/zf_equalizer.srcs/sources_1/ip/cordic_rec_to_polar/cordic_rec_to_polar.xci] -directory c:/Projects/pi-radio/HW/sims/zf_equalizer/zf_equalizer.ip_user_files/sim_scripts -ip_user_files_dir c:/Projects/pi-radio/HW/sims/zf_equalizer/zf_equalizer.ip_user_files -ipstatic_source_dir c:/Projects/pi-radio/HW/sims/zf_equalizer/zf_equalizer.ip_user_files/ipstatic -lib_map_path [list {modelsim=c:/Projects/pi-radio/HW/sims/zf_equalizer/zf_equalizer.cache/compile_simlib/modelsim} {questa=c:/Projects/pi-radio/HW/sims/zf_equalizer/zf_equalizer.cache/compile_simlib/questa} {riviera=c:/Projects/pi-radio/HW/sims/zf_equalizer/zf_equalizer.cache/compile_simlib/riviera} {activehdl=c:/Projects/pi-radio/HW/sims/zf_equalizer/zf_equalizer.cache/compile_simlib/activehdl}] -use_ip_compiled_libs -force -quiet
relaunch_sim
run all
open_bd_design {c:/Projects/pi-radio/HW/sims/zf_equalizer/zf_equalizer.srcs/sources_1/bd/zf_equalizer/zf_equalizer.bd}
update_module_reference zf_equalizer_channel_estimate_0_0
close_sim
generate_target Simulation [get_files c:/Projects/pi-radio/HW/sims/zf_equalizer/zf_equalizer.srcs/sources_1/ip/div_gen_0/div_gen_0.xci]
generate_target Simulation [get_files c:/Projects/pi-radio/HW/sims/zf_equalizer/zf_equalizer.srcs/sources_1/ip/div_gen_0/div_gen_0.xci]
generate_target Simulation [get_files c:/Projects/pi-radio/HW/sims/zf_equalizer/zf_equalizer.srcs/sources_1/ip/cordic_rec_to_polar/cordic_rec_to_polar.xci]
generate_target Simulation [get_files c:/Projects/pi-radio/HW/sims/zf_equalizer/zf_equalizer.srcs/sources_1/ip/cordic_polar_to_rec/cordic_polar_to_rec.xci]
generate_target Simulation [get_files c:/Projects/pi-radio/HW/sims/zf_equalizer/zf_equalizer.srcs/sources_1/bd/zf_equalizer/zf_equalizer.bd]
export_ip_user_files -of_objects [get_files c:/Projects/pi-radio/HW/sims/zf_equalizer/zf_equalizer.srcs/sources_1/bd/zf_equalizer/zf_equalizer.bd] -no_script -sync -force -quiet
export_simulation -of_objects [get_files c:/Projects/pi-radio/HW/sims/zf_equalizer/zf_equalizer.srcs/sources_1/bd/zf_equalizer/zf_equalizer.bd] -directory c:/Projects/pi-radio/HW/sims/zf_equalizer/zf_equalizer.ip_user_files/sim_scripts -ip_user_files_dir c:/Projects/pi-radio/HW/sims/zf_equalizer/zf_equalizer.ip_user_files -ipstatic_source_dir c:/Projects/pi-radio/HW/sims/zf_equalizer/zf_equalizer.ip_user_files/ipstatic -lib_map_path [list {modelsim=c:/Projects/pi-radio/HW/sims/zf_equalizer/zf_equalizer.cache/compile_simlib/modelsim} {questa=c:/Projects/pi-radio/HW/sims/zf_equalizer/zf_equalizer.cache/compile_simlib/questa} {riviera=c:/Projects/pi-radio/HW/sims/zf_equalizer/zf_equalizer.cache/compile_simlib/riviera} {activehdl=c:/Projects/pi-radio/HW/sims/zf_equalizer/zf_equalizer.cache/compile_simlib/activehdl}] -use_ip_compiled_libs -force -quiet
launch_simulation
open_wave_config c:/Projects/pi-radio/HW/sims/zf_equalizer/zf_equalizer_tb_behav.wcfg
source zf_equalizer_tb.tcl
run all
relaunch_sim
run all
restart
run all
set_property -dict [list CONFIG.Compensation_Scaling {Embedded_Multiplier}] [get_ips cordic_polar_to_rec]
generate_target all [get_files  c:/Projects/pi-radio/HW/sims/zf_equalizer/zf_equalizer.srcs/sources_1/ip/cordic_polar_to_rec/cordic_polar_to_rec.xci]
catch { config_ip_cache -export [get_ips -all cordic_polar_to_rec] }
export_ip_user_files -of_objects [get_files c:/Projects/pi-radio/HW/sims/zf_equalizer/zf_equalizer.srcs/sources_1/ip/cordic_polar_to_rec/cordic_polar_to_rec.xci] -no_script -sync -force -quiet
create_ip_run [get_files -of_objects [get_fileset sources_1] c:/Projects/pi-radio/HW/sims/zf_equalizer/zf_equalizer.srcs/sources_1/ip/cordic_polar_to_rec/cordic_polar_to_rec.xci]
launch_runs cordic_polar_to_rec_synth_1 -jobs 24
wait_on_run cordic_polar_to_rec_synth_1
export_simulation -of_objects [get_files c:/Projects/pi-radio/HW/sims/zf_equalizer/zf_equalizer.srcs/sources_1/ip/cordic_polar_to_rec/cordic_polar_to_rec.xci] -directory c:/Projects/pi-radio/HW/sims/zf_equalizer/zf_equalizer.ip_user_files/sim_scripts -ip_user_files_dir c:/Projects/pi-radio/HW/sims/zf_equalizer/zf_equalizer.ip_user_files -ipstatic_source_dir c:/Projects/pi-radio/HW/sims/zf_equalizer/zf_equalizer.ip_user_files/ipstatic -lib_map_path [list {modelsim=c:/Projects/pi-radio/HW/sims/zf_equalizer/zf_equalizer.cache/compile_simlib/modelsim} {questa=c:/Projects/pi-radio/HW/sims/zf_equalizer/zf_equalizer.cache/compile_simlib/questa} {riviera=c:/Projects/pi-radio/HW/sims/zf_equalizer/zf_equalizer.cache/compile_simlib/riviera} {activehdl=c:/Projects/pi-radio/HW/sims/zf_equalizer/zf_equalizer.cache/compile_simlib/activehdl}] -use_ip_compiled_libs -force -quiet
open_bd_design {c:/Projects/pi-radio/HW/sims/zf_equalizer/zf_equalizer.srcs/sources_1/bd/zf_equalizer/zf_equalizer.bd}
update_module_reference zf_equalizer_polar_to_cartesian_c_0_0
close_sim
generate_target Simulation [get_files c:/Projects/pi-radio/HW/sims/zf_equalizer/zf_equalizer.srcs/sources_1/ip/div_gen_0/div_gen_0.xci]
generate_target Simulation [get_files c:/Projects/pi-radio/HW/sims/zf_equalizer/zf_equalizer.srcs/sources_1/ip/div_gen_0/div_gen_0.xci]
generate_target Simulation [get_files c:/Projects/pi-radio/HW/sims/zf_equalizer/zf_equalizer.srcs/sources_1/ip/cordic_rec_to_polar/cordic_rec_to_polar.xci]
generate_target Simulation [get_files c:/Projects/pi-radio/HW/sims/zf_equalizer/zf_equalizer.srcs/sources_1/ip/cordic_polar_to_rec/cordic_polar_to_rec.xci]
generate_target Simulation [get_files c:/Projects/pi-radio/HW/sims/zf_equalizer/zf_equalizer.srcs/sources_1/bd/zf_equalizer/zf_equalizer.bd]
export_ip_user_files -of_objects [get_files c:/Projects/pi-radio/HW/sims/zf_equalizer/zf_equalizer.srcs/sources_1/bd/zf_equalizer/zf_equalizer.bd] -no_script -sync -force -quiet
export_simulation -of_objects [get_files c:/Projects/pi-radio/HW/sims/zf_equalizer/zf_equalizer.srcs/sources_1/bd/zf_equalizer/zf_equalizer.bd] -directory c:/Projects/pi-radio/HW/sims/zf_equalizer/zf_equalizer.ip_user_files/sim_scripts -ip_user_files_dir c:/Projects/pi-radio/HW/sims/zf_equalizer/zf_equalizer.ip_user_files -ipstatic_source_dir c:/Projects/pi-radio/HW/sims/zf_equalizer/zf_equalizer.ip_user_files/ipstatic -lib_map_path [list {modelsim=c:/Projects/pi-radio/HW/sims/zf_equalizer/zf_equalizer.cache/compile_simlib/modelsim} {questa=c:/Projects/pi-radio/HW/sims/zf_equalizer/zf_equalizer.cache/compile_simlib/questa} {riviera=c:/Projects/pi-radio/HW/sims/zf_equalizer/zf_equalizer.cache/compile_simlib/riviera} {activehdl=c:/Projects/pi-radio/HW/sims/zf_equalizer/zf_equalizer.cache/compile_simlib/activehdl}] -use_ip_compiled_libs -force -quiet
launch_simulation
reset_run cordic_polar_to_rec_synth_1
generate_target all [get_files  c:/Projects/pi-radio/HW/sims/zf_equalizer/zf_equalizer.srcs/sources_1/ip/cordic_polar_to_rec/cordic_polar_to_rec.xci]
catch { config_ip_cache -export [get_ips -all cordic_polar_to_rec] }
export_ip_user_files -of_objects [get_files c:/Projects/pi-radio/HW/sims/zf_equalizer/zf_equalizer.srcs/sources_1/ip/cordic_polar_to_rec/cordic_polar_to_rec.xci] -no_script -sync -force -quiet
launch_runs cordic_polar_to_rec_synth_1 -jobs 24
wait_on_run cordic_polar_to_rec_synth_1
export_simulation -of_objects [get_files c:/Projects/pi-radio/HW/sims/zf_equalizer/zf_equalizer.srcs/sources_1/ip/cordic_polar_to_rec/cordic_polar_to_rec.xci] -directory c:/Projects/pi-radio/HW/sims/zf_equalizer/zf_equalizer.ip_user_files/sim_scripts -ip_user_files_dir c:/Projects/pi-radio/HW/sims/zf_equalizer/zf_equalizer.ip_user_files -ipstatic_source_dir c:/Projects/pi-radio/HW/sims/zf_equalizer/zf_equalizer.ip_user_files/ipstatic -lib_map_path [list {modelsim=c:/Projects/pi-radio/HW/sims/zf_equalizer/zf_equalizer.cache/compile_simlib/modelsim} {questa=c:/Projects/pi-radio/HW/sims/zf_equalizer/zf_equalizer.cache/compile_simlib/questa} {riviera=c:/Projects/pi-radio/HW/sims/zf_equalizer/zf_equalizer.cache/compile_simlib/riviera} {activehdl=c:/Projects/pi-radio/HW/sims/zf_equalizer/zf_equalizer.cache/compile_simlib/activehdl}] -use_ip_compiled_libs -force -quiet
update_module_reference zf_equalizer_polar_to_cartesian_c_0_0
generate_target Simulation [get_files c:/Projects/pi-radio/HW/sims/zf_equalizer/zf_equalizer.srcs/sources_1/ip/div_gen_0/div_gen_0.xci]
generate_target Simulation [get_files c:/Projects/pi-radio/HW/sims/zf_equalizer/zf_equalizer.srcs/sources_1/ip/div_gen_0/div_gen_0.xci]
generate_target Simulation [get_files c:/Projects/pi-radio/HW/sims/zf_equalizer/zf_equalizer.srcs/sources_1/ip/cordic_rec_to_polar/cordic_rec_to_polar.xci]
generate_target Simulation [get_files c:/Projects/pi-radio/HW/sims/zf_equalizer/zf_equalizer.srcs/sources_1/ip/cordic_polar_to_rec/cordic_polar_to_rec.xci]
generate_target Simulation [get_files c:/Projects/pi-radio/HW/sims/zf_equalizer/zf_equalizer.srcs/sources_1/bd/zf_equalizer/zf_equalizer.bd]
export_ip_user_files -of_objects [get_files c:/Projects/pi-radio/HW/sims/zf_equalizer/zf_equalizer.srcs/sources_1/bd/zf_equalizer/zf_equalizer.bd] -no_script -sync -force -quiet
export_simulation -of_objects [get_files c:/Projects/pi-radio/HW/sims/zf_equalizer/zf_equalizer.srcs/sources_1/bd/zf_equalizer/zf_equalizer.bd] -directory c:/Projects/pi-radio/HW/sims/zf_equalizer/zf_equalizer.ip_user_files/sim_scripts -ip_user_files_dir c:/Projects/pi-radio/HW/sims/zf_equalizer/zf_equalizer.ip_user_files -ipstatic_source_dir c:/Projects/pi-radio/HW/sims/zf_equalizer/zf_equalizer.ip_user_files/ipstatic -lib_map_path [list {modelsim=c:/Projects/pi-radio/HW/sims/zf_equalizer/zf_equalizer.cache/compile_simlib/modelsim} {questa=c:/Projects/pi-radio/HW/sims/zf_equalizer/zf_equalizer.cache/compile_simlib/questa} {riviera=c:/Projects/pi-radio/HW/sims/zf_equalizer/zf_equalizer.cache/compile_simlib/riviera} {activehdl=c:/Projects/pi-radio/HW/sims/zf_equalizer/zf_equalizer.cache/compile_simlib/activehdl}] -use_ip_compiled_libs -force -quiet
launch_simulation
open_wave_config c:/Projects/pi-radio/HW/sims/zf_equalizer/zf_equalizer_tb_behav.wcfg
source zf_equalizer_tb.tcl
run all
open_bd_design {c:/Projects/pi-radio/HW/sims/zf_equalizer/zf_equalizer.srcs/sources_1/bd/zf_equalizer/zf_equalizer.bd}
update_module_reference zf_equalizer_polar_to_cartesian_c_0_0
close_sim
generate_target Simulation [get_files c:/Projects/pi-radio/HW/sims/zf_equalizer/zf_equalizer.srcs/sources_1/ip/div_gen_0/div_gen_0.xci]
generate_target Simulation [get_files c:/Projects/pi-radio/HW/sims/zf_equalizer/zf_equalizer.srcs/sources_1/ip/div_gen_0/div_gen_0.xci]
generate_target Simulation [get_files c:/Projects/pi-radio/HW/sims/zf_equalizer/zf_equalizer.srcs/sources_1/ip/cordic_rec_to_polar/cordic_rec_to_polar.xci]
generate_target Simulation [get_files c:/Projects/pi-radio/HW/sims/zf_equalizer/zf_equalizer.srcs/sources_1/ip/cordic_polar_to_rec/cordic_polar_to_rec.xci]
generate_target Simulation [get_files c:/Projects/pi-radio/HW/sims/zf_equalizer/zf_equalizer.srcs/sources_1/bd/zf_equalizer/zf_equalizer.bd]
export_ip_user_files -of_objects [get_files c:/Projects/pi-radio/HW/sims/zf_equalizer/zf_equalizer.srcs/sources_1/bd/zf_equalizer/zf_equalizer.bd] -no_script -sync -force -quiet
export_simulation -of_objects [get_files c:/Projects/pi-radio/HW/sims/zf_equalizer/zf_equalizer.srcs/sources_1/bd/zf_equalizer/zf_equalizer.bd] -directory c:/Projects/pi-radio/HW/sims/zf_equalizer/zf_equalizer.ip_user_files/sim_scripts -ip_user_files_dir c:/Projects/pi-radio/HW/sims/zf_equalizer/zf_equalizer.ip_user_files -ipstatic_source_dir c:/Projects/pi-radio/HW/sims/zf_equalizer/zf_equalizer.ip_user_files/ipstatic -lib_map_path [list {modelsim=c:/Projects/pi-radio/HW/sims/zf_equalizer/zf_equalizer.cache/compile_simlib/modelsim} {questa=c:/Projects/pi-radio/HW/sims/zf_equalizer/zf_equalizer.cache/compile_simlib/questa} {riviera=c:/Projects/pi-radio/HW/sims/zf_equalizer/zf_equalizer.cache/compile_simlib/riviera} {activehdl=c:/Projects/pi-radio/HW/sims/zf_equalizer/zf_equalizer.cache/compile_simlib/activehdl}] -use_ip_compiled_libs -force -quiet
launch_simulation
open_wave_config c:/Projects/pi-radio/HW/sims/zf_equalizer/zf_equalizer_tb_behav.wcfg
source zf_equalizer_tb.tcl
run all
open_bd_design {c:/Projects/pi-radio/HW/sims/zf_equalizer/zf_equalizer.srcs/sources_1/bd/zf_equalizer/zf_equalizer.bd}
update_module_reference zf_equalizer_polar_to_cartesian_c_0_0
close_sim
generate_target Simulation [get_files c:/Projects/pi-radio/HW/sims/zf_equalizer/zf_equalizer.srcs/sources_1/ip/div_gen_0/div_gen_0.xci]
generate_target Simulation [get_files c:/Projects/pi-radio/HW/sims/zf_equalizer/zf_equalizer.srcs/sources_1/ip/div_gen_0/div_gen_0.xci]
generate_target Simulation [get_files c:/Projects/pi-radio/HW/sims/zf_equalizer/zf_equalizer.srcs/sources_1/ip/cordic_rec_to_polar/cordic_rec_to_polar.xci]
generate_target Simulation [get_files c:/Projects/pi-radio/HW/sims/zf_equalizer/zf_equalizer.srcs/sources_1/ip/cordic_polar_to_rec/cordic_polar_to_rec.xci]
generate_target Simulation [get_files c:/Projects/pi-radio/HW/sims/zf_equalizer/zf_equalizer.srcs/sources_1/bd/zf_equalizer/zf_equalizer.bd]
export_ip_user_files -of_objects [get_files c:/Projects/pi-radio/HW/sims/zf_equalizer/zf_equalizer.srcs/sources_1/bd/zf_equalizer/zf_equalizer.bd] -no_script -sync -force -quiet
export_simulation -of_objects [get_files c:/Projects/pi-radio/HW/sims/zf_equalizer/zf_equalizer.srcs/sources_1/bd/zf_equalizer/zf_equalizer.bd] -directory c:/Projects/pi-radio/HW/sims/zf_equalizer/zf_equalizer.ip_user_files/sim_scripts -ip_user_files_dir c:/Projects/pi-radio/HW/sims/zf_equalizer/zf_equalizer.ip_user_files -ipstatic_source_dir c:/Projects/pi-radio/HW/sims/zf_equalizer/zf_equalizer.ip_user_files/ipstatic -lib_map_path [list {modelsim=c:/Projects/pi-radio/HW/sims/zf_equalizer/zf_equalizer.cache/compile_simlib/modelsim} {questa=c:/Projects/pi-radio/HW/sims/zf_equalizer/zf_equalizer.cache/compile_simlib/questa} {riviera=c:/Projects/pi-radio/HW/sims/zf_equalizer/zf_equalizer.cache/compile_simlib/riviera} {activehdl=c:/Projects/pi-radio/HW/sims/zf_equalizer/zf_equalizer.cache/compile_simlib/activehdl}] -use_ip_compiled_libs -force -quiet
launch_simulation
update_module_reference zf_equalizer_polar_to_cartesian_c_0_0
generate_target Simulation [get_files c:/Projects/pi-radio/HW/sims/zf_equalizer/zf_equalizer.srcs/sources_1/ip/div_gen_0/div_gen_0.xci]
generate_target Simulation [get_files c:/Projects/pi-radio/HW/sims/zf_equalizer/zf_equalizer.srcs/sources_1/ip/div_gen_0/div_gen_0.xci]
generate_target Simulation [get_files c:/Projects/pi-radio/HW/sims/zf_equalizer/zf_equalizer.srcs/sources_1/ip/cordic_rec_to_polar/cordic_rec_to_polar.xci]
generate_target Simulation [get_files c:/Projects/pi-radio/HW/sims/zf_equalizer/zf_equalizer.srcs/sources_1/ip/cordic_polar_to_rec/cordic_polar_to_rec.xci]
generate_target Simulation [get_files c:/Projects/pi-radio/HW/sims/zf_equalizer/zf_equalizer.srcs/sources_1/bd/zf_equalizer/zf_equalizer.bd]
export_ip_user_files -of_objects [get_files c:/Projects/pi-radio/HW/sims/zf_equalizer/zf_equalizer.srcs/sources_1/bd/zf_equalizer/zf_equalizer.bd] -no_script -sync -force -quiet
export_simulation -of_objects [get_files c:/Projects/pi-radio/HW/sims/zf_equalizer/zf_equalizer.srcs/sources_1/bd/zf_equalizer/zf_equalizer.bd] -directory c:/Projects/pi-radio/HW/sims/zf_equalizer/zf_equalizer.ip_user_files/sim_scripts -ip_user_files_dir c:/Projects/pi-radio/HW/sims/zf_equalizer/zf_equalizer.ip_user_files -ipstatic_source_dir c:/Projects/pi-radio/HW/sims/zf_equalizer/zf_equalizer.ip_user_files/ipstatic -lib_map_path [list {modelsim=c:/Projects/pi-radio/HW/sims/zf_equalizer/zf_equalizer.cache/compile_simlib/modelsim} {questa=c:/Projects/pi-radio/HW/sims/zf_equalizer/zf_equalizer.cache/compile_simlib/questa} {riviera=c:/Projects/pi-radio/HW/sims/zf_equalizer/zf_equalizer.cache/compile_simlib/riviera} {activehdl=c:/Projects/pi-radio/HW/sims/zf_equalizer/zf_equalizer.cache/compile_simlib/activehdl}] -use_ip_compiled_libs -force -quiet
launch_simulation
open_wave_config c:/Projects/pi-radio/HW/sims/zf_equalizer/zf_equalizer_tb_behav.wcfg
source zf_equalizer_tb.tcl
run all
open_bd_design {c:/Projects/pi-radio/HW/sims/zf_equalizer/zf_equalizer.srcs/sources_1/bd/zf_equalizer/zf_equalizer.bd}
update_module_reference zf_equalizer_polar_to_cartesian_c_0_0
close_sim
generate_target Simulation [get_files c:/Projects/pi-radio/HW/sims/zf_equalizer/zf_equalizer.srcs/sources_1/ip/div_gen_0/div_gen_0.xci]
generate_target Simulation [get_files c:/Projects/pi-radio/HW/sims/zf_equalizer/zf_equalizer.srcs/sources_1/ip/div_gen_0/div_gen_0.xci]
generate_target Simulation [get_files c:/Projects/pi-radio/HW/sims/zf_equalizer/zf_equalizer.srcs/sources_1/ip/cordic_rec_to_polar/cordic_rec_to_polar.xci]
generate_target Simulation [get_files c:/Projects/pi-radio/HW/sims/zf_equalizer/zf_equalizer.srcs/sources_1/ip/cordic_polar_to_rec/cordic_polar_to_rec.xci]
generate_target Simulation [get_files c:/Projects/pi-radio/HW/sims/zf_equalizer/zf_equalizer.srcs/sources_1/bd/zf_equalizer/zf_equalizer.bd]
export_ip_user_files -of_objects [get_files c:/Projects/pi-radio/HW/sims/zf_equalizer/zf_equalizer.srcs/sources_1/bd/zf_equalizer/zf_equalizer.bd] -no_script -sync -force -quiet
export_simulation -of_objects [get_files c:/Projects/pi-radio/HW/sims/zf_equalizer/zf_equalizer.srcs/sources_1/bd/zf_equalizer/zf_equalizer.bd] -directory c:/Projects/pi-radio/HW/sims/zf_equalizer/zf_equalizer.ip_user_files/sim_scripts -ip_user_files_dir c:/Projects/pi-radio/HW/sims/zf_equalizer/zf_equalizer.ip_user_files -ipstatic_source_dir c:/Projects/pi-radio/HW/sims/zf_equalizer/zf_equalizer.ip_user_files/ipstatic -lib_map_path [list {modelsim=c:/Projects/pi-radio/HW/sims/zf_equalizer/zf_equalizer.cache/compile_simlib/modelsim} {questa=c:/Projects/pi-radio/HW/sims/zf_equalizer/zf_equalizer.cache/compile_simlib/questa} {riviera=c:/Projects/pi-radio/HW/sims/zf_equalizer/zf_equalizer.cache/compile_simlib/riviera} {activehdl=c:/Projects/pi-radio/HW/sims/zf_equalizer/zf_equalizer.cache/compile_simlib/activehdl}] -use_ip_compiled_libs -force -quiet
launch_simulation
update_module_reference zf_equalizer_polar_to_cartesian_c_0_0
open_bd_design {c:/Projects/pi-radio/HW/sims/zf_equalizer/zf_equalizer.srcs/sources_1/bd/zf_equalizer/zf_equalizer.bd}
generate_target Simulation [get_files c:/Projects/pi-radio/HW/sims/zf_equalizer/zf_equalizer.srcs/sources_1/ip/div_gen_0/div_gen_0.xci]
generate_target Simulation [get_files c:/Projects/pi-radio/HW/sims/zf_equalizer/zf_equalizer.srcs/sources_1/ip/div_gen_0/div_gen_0.xci]
generate_target Simulation [get_files c:/Projects/pi-radio/HW/sims/zf_equalizer/zf_equalizer.srcs/sources_1/ip/cordic_rec_to_polar/cordic_rec_to_polar.xci]
generate_target Simulation [get_files c:/Projects/pi-radio/HW/sims/zf_equalizer/zf_equalizer.srcs/sources_1/ip/cordic_polar_to_rec/cordic_polar_to_rec.xci]
generate_target Simulation [get_files c:/Projects/pi-radio/HW/sims/zf_equalizer/zf_equalizer.srcs/sources_1/bd/zf_equalizer/zf_equalizer.bd]
export_ip_user_files -of_objects [get_files c:/Projects/pi-radio/HW/sims/zf_equalizer/zf_equalizer.srcs/sources_1/bd/zf_equalizer/zf_equalizer.bd] -no_script -sync -force -quiet
export_simulation -of_objects [get_files c:/Projects/pi-radio/HW/sims/zf_equalizer/zf_equalizer.srcs/sources_1/bd/zf_equalizer/zf_equalizer.bd] -directory c:/Projects/pi-radio/HW/sims/zf_equalizer/zf_equalizer.ip_user_files/sim_scripts -ip_user_files_dir c:/Projects/pi-radio/HW/sims/zf_equalizer/zf_equalizer.ip_user_files -ipstatic_source_dir c:/Projects/pi-radio/HW/sims/zf_equalizer/zf_equalizer.ip_user_files/ipstatic -lib_map_path [list {modelsim=c:/Projects/pi-radio/HW/sims/zf_equalizer/zf_equalizer.cache/compile_simlib/modelsim} {questa=c:/Projects/pi-radio/HW/sims/zf_equalizer/zf_equalizer.cache/compile_simlib/questa} {riviera=c:/Projects/pi-radio/HW/sims/zf_equalizer/zf_equalizer.cache/compile_simlib/riviera} {activehdl=c:/Projects/pi-radio/HW/sims/zf_equalizer/zf_equalizer.cache/compile_simlib/activehdl}] -use_ip_compiled_libs -force -quiet
launch_simulation
update_module_reference zf_equalizer_polar_to_cartesian_c_0_0
generate_target Simulation [get_files c:/Projects/pi-radio/HW/sims/zf_equalizer/zf_equalizer.srcs/sources_1/ip/div_gen_0/div_gen_0.xci]
generate_target Simulation [get_files c:/Projects/pi-radio/HW/sims/zf_equalizer/zf_equalizer.srcs/sources_1/ip/div_gen_0/div_gen_0.xci]
generate_target Simulation [get_files c:/Projects/pi-radio/HW/sims/zf_equalizer/zf_equalizer.srcs/sources_1/ip/cordic_rec_to_polar/cordic_rec_to_polar.xci]
generate_target Simulation [get_files c:/Projects/pi-radio/HW/sims/zf_equalizer/zf_equalizer.srcs/sources_1/ip/cordic_polar_to_rec/cordic_polar_to_rec.xci]
generate_target Simulation [get_files c:/Projects/pi-radio/HW/sims/zf_equalizer/zf_equalizer.srcs/sources_1/bd/zf_equalizer/zf_equalizer.bd]
export_ip_user_files -of_objects [get_files c:/Projects/pi-radio/HW/sims/zf_equalizer/zf_equalizer.srcs/sources_1/bd/zf_equalizer/zf_equalizer.bd] -no_script -sync -force -quiet
export_simulation -of_objects [get_files c:/Projects/pi-radio/HW/sims/zf_equalizer/zf_equalizer.srcs/sources_1/bd/zf_equalizer/zf_equalizer.bd] -directory c:/Projects/pi-radio/HW/sims/zf_equalizer/zf_equalizer.ip_user_files/sim_scripts -ip_user_files_dir c:/Projects/pi-radio/HW/sims/zf_equalizer/zf_equalizer.ip_user_files -ipstatic_source_dir c:/Projects/pi-radio/HW/sims/zf_equalizer/zf_equalizer.ip_user_files/ipstatic -lib_map_path [list {modelsim=c:/Projects/pi-radio/HW/sims/zf_equalizer/zf_equalizer.cache/compile_simlib/modelsim} {questa=c:/Projects/pi-radio/HW/sims/zf_equalizer/zf_equalizer.cache/compile_simlib/questa} {riviera=c:/Projects/pi-radio/HW/sims/zf_equalizer/zf_equalizer.cache/compile_simlib/riviera} {activehdl=c:/Projects/pi-radio/HW/sims/zf_equalizer/zf_equalizer.cache/compile_simlib/activehdl}] -use_ip_compiled_libs -force -quiet
launch_simulation
generate_target Simulation [get_files c:/Projects/pi-radio/HW/sims/zf_equalizer/zf_equalizer.srcs/sources_1/ip/div_gen_0/div_gen_0.xci]
generate_target Simulation [get_files c:/Projects/pi-radio/HW/sims/zf_equalizer/zf_equalizer.srcs/sources_1/ip/div_gen_0/div_gen_0.xci]
generate_target Simulation [get_files c:/Projects/pi-radio/HW/sims/zf_equalizer/zf_equalizer.srcs/sources_1/ip/cordic_rec_to_polar/cordic_rec_to_polar.xci]
generate_target Simulation [get_files c:/Projects/pi-radio/HW/sims/zf_equalizer/zf_equalizer.srcs/sources_1/ip/cordic_polar_to_rec/cordic_polar_to_rec.xci]
launch_simulation
update_module_reference zf_equalizer_polar_to_cartesian_c_0_0
generate_target Simulation [get_files c:/Projects/pi-radio/HW/sims/zf_equalizer/zf_equalizer.srcs/sources_1/ip/div_gen_0/div_gen_0.xci]
generate_target Simulation [get_files c:/Projects/pi-radio/HW/sims/zf_equalizer/zf_equalizer.srcs/sources_1/ip/div_gen_0/div_gen_0.xci]
generate_target Simulation [get_files c:/Projects/pi-radio/HW/sims/zf_equalizer/zf_equalizer.srcs/sources_1/ip/cordic_rec_to_polar/cordic_rec_to_polar.xci]
generate_target Simulation [get_files c:/Projects/pi-radio/HW/sims/zf_equalizer/zf_equalizer.srcs/sources_1/ip/cordic_polar_to_rec/cordic_polar_to_rec.xci]
generate_target Simulation [get_files c:/Projects/pi-radio/HW/sims/zf_equalizer/zf_equalizer.srcs/sources_1/bd/zf_equalizer/zf_equalizer.bd]
export_ip_user_files -of_objects [get_files c:/Projects/pi-radio/HW/sims/zf_equalizer/zf_equalizer.srcs/sources_1/bd/zf_equalizer/zf_equalizer.bd] -no_script -sync -force -quiet
export_simulation -of_objects [get_files c:/Projects/pi-radio/HW/sims/zf_equalizer/zf_equalizer.srcs/sources_1/bd/zf_equalizer/zf_equalizer.bd] -directory c:/Projects/pi-radio/HW/sims/zf_equalizer/zf_equalizer.ip_user_files/sim_scripts -ip_user_files_dir c:/Projects/pi-radio/HW/sims/zf_equalizer/zf_equalizer.ip_user_files -ipstatic_source_dir c:/Projects/pi-radio/HW/sims/zf_equalizer/zf_equalizer.ip_user_files/ipstatic -lib_map_path [list {modelsim=c:/Projects/pi-radio/HW/sims/zf_equalizer/zf_equalizer.cache/compile_simlib/modelsim} {questa=c:/Projects/pi-radio/HW/sims/zf_equalizer/zf_equalizer.cache/compile_simlib/questa} {riviera=c:/Projects/pi-radio/HW/sims/zf_equalizer/zf_equalizer.cache/compile_simlib/riviera} {activehdl=c:/Projects/pi-radio/HW/sims/zf_equalizer/zf_equalizer.cache/compile_simlib/activehdl}] -use_ip_compiled_libs -force -quiet
launch_simulation
open_wave_config c:/Projects/pi-radio/HW/sims/zf_equalizer/zf_equalizer_tb_behav.wcfg
source zf_equalizer_tb.tcl
run all
close_sim
generate_target Simulation [get_files c:/Projects/pi-radio/HW/sims/zf_equalizer/zf_equalizer.srcs/sources_1/ip/div_gen_0/div_gen_0.xci]
generate_target Simulation [get_files c:/Projects/pi-radio/HW/sims/zf_equalizer/zf_equalizer.srcs/sources_1/ip/div_gen_0/div_gen_0.xci]
generate_target Simulation [get_files c:/Projects/pi-radio/HW/sims/zf_equalizer/zf_equalizer.srcs/sources_1/ip/cordic_rec_to_polar/cordic_rec_to_polar.xci]
generate_target Simulation [get_files c:/Projects/pi-radio/HW/sims/zf_equalizer/zf_equalizer.srcs/sources_1/ip/cordic_polar_to_rec/cordic_polar_to_rec.xci]
launch_simulation
open_wave_config c:/Projects/pi-radio/HW/sims/zf_equalizer/zf_equalizer_tb_behav.wcfg
source zf_equalizer_tb.tcl
run all
open_bd_design {c:/Projects/pi-radio/HW/sims/zf_equalizer/zf_equalizer.srcs/sources_1/bd/zf_equalizer/zf_equalizer.bd}
update_module_reference zf_equalizer_polar_to_cartesian_c_0_0
save_wave_config {c:/Projects/pi-radio/HW/sims/zf_equalizer/zf_equalizer_tb_behav.wcfg}
close_sim
generate_target Simulation [get_files c:/Projects/pi-radio/HW/sims/zf_equalizer/zf_equalizer.srcs/sources_1/ip/div_gen_0/div_gen_0.xci]
generate_target Simulation [get_files c:/Projects/pi-radio/HW/sims/zf_equalizer/zf_equalizer.srcs/sources_1/ip/div_gen_0/div_gen_0.xci]
generate_target Simulation [get_files c:/Projects/pi-radio/HW/sims/zf_equalizer/zf_equalizer.srcs/sources_1/ip/cordic_rec_to_polar/cordic_rec_to_polar.xci]
generate_target Simulation [get_files c:/Projects/pi-radio/HW/sims/zf_equalizer/zf_equalizer.srcs/sources_1/ip/cordic_polar_to_rec/cordic_polar_to_rec.xci]
generate_target Simulation [get_files c:/Projects/pi-radio/HW/sims/zf_equalizer/zf_equalizer.srcs/sources_1/bd/zf_equalizer/zf_equalizer.bd]
export_ip_user_files -of_objects [get_files c:/Projects/pi-radio/HW/sims/zf_equalizer/zf_equalizer.srcs/sources_1/bd/zf_equalizer/zf_equalizer.bd] -no_script -sync -force -quiet
export_simulation -of_objects [get_files c:/Projects/pi-radio/HW/sims/zf_equalizer/zf_equalizer.srcs/sources_1/bd/zf_equalizer/zf_equalizer.bd] -directory c:/Projects/pi-radio/HW/sims/zf_equalizer/zf_equalizer.ip_user_files/sim_scripts -ip_user_files_dir c:/Projects/pi-radio/HW/sims/zf_equalizer/zf_equalizer.ip_user_files -ipstatic_source_dir c:/Projects/pi-radio/HW/sims/zf_equalizer/zf_equalizer.ip_user_files/ipstatic -lib_map_path [list {modelsim=c:/Projects/pi-radio/HW/sims/zf_equalizer/zf_equalizer.cache/compile_simlib/modelsim} {questa=c:/Projects/pi-radio/HW/sims/zf_equalizer/zf_equalizer.cache/compile_simlib/questa} {riviera=c:/Projects/pi-radio/HW/sims/zf_equalizer/zf_equalizer.cache/compile_simlib/riviera} {activehdl=c:/Projects/pi-radio/HW/sims/zf_equalizer/zf_equalizer.cache/compile_simlib/activehdl}] -use_ip_compiled_libs -force -quiet
launch_simulation
open_wave_config c:/Projects/pi-radio/HW/sims/zf_equalizer/zf_equalizer_tb_behav.wcfg
source zf_equalizer_tb.tcl
run all
close_sim
