#-----------------------------------------------------------
# Vivado v2022.1 (64-bit)
# SW Build 3526262 on Mon Apr 18 15:48:16 MDT 2022
# IP Build 3524634 on Mon Apr 18 20:55:01 MDT 2022
# Start of session at: Sun Oct 16 22:05:16 2022
# Process ID: 182264
# Current directory: c:/Projects/pi-radio/HW/sims/cfo_correction
# Command line: vivado.exe cfo_correction.xpr
# Log file: c:/Projects/pi-radio/HW/sims/cfo_correction/vivado.log
# Journal file: c:/Projects/pi-radio/HW/sims/cfo_correction\vivado.jou
# Running On: DESKTOP-1UDCE0K, OS: Windows, CPU Frequency: 3187 MHz, CPU Physical cores: 16, Host memory: 137149 MB
#-----------------------------------------------------------
start_gui
open_project cfo_correction.xpr
update_compile_order -fileset sources_1
update_module_reference cfo_correction_conj_0_0
update_module_reference cfo_correction_dds_top_0_0
update_module_reference cfo_correction_mixer_0_0
update_module_reference cfo_correction_angle_0_0
update_module_reference {cfo_correction_axis_splitter_0_0 cfo_correction_axis_splitter_1_0}
update_module_reference cfo_correction_complex_mult_0_0
update_module_reference {cfo_correction_conj_0_1 cfo_correction_conj_1_0}
update_module_reference cfo_correction_cp_rm2_0_0
update_module_reference {cfo_correction_delay_0_0 cfo_correction_delay_1_0}
update_module_reference cfo_correction_mux_0_0
update_module_reference cfo_correction_scale_0_0
update_module_reference cfo_correction_sum_0_0
update_module_reference cfo_correction_cp_rm_0_0
regenerate_bd_layout
generate_target Simulation [get_files c:/Projects/pi-radio/HW/sims/cfo_correction/cfo_correction.srcs/sources_1/ip/dds_compiler_0/dds_compiler_0.xci]
generate_target Simulation [get_files c:/Projects/pi-radio/HW/sims/cfo_correction/cfo_correction.srcs/sources_1/ip/cmpy_0/cmpy_0.xci]
generate_target Simulation [get_files c:/Projects/pi-radio/HW/sims/cfo_correction/cfo_correction.srcs/sources_1/ip/cordic_0/cordic_0.xci]
generate_target Simulation [get_files c:/Projects/pi-radio/HW/sims/cfo_correction/cfo_correction.srcs/sources_1/ip/cmpy_0/cmpy_0.xci]
generate_target Simulation [get_files c:/Projects/pi-radio/HW/sims/cfo_correction/cfo_correction.srcs/sources_1/ip/dsp_macro_0/dsp_macro_0.xci]
generate_target Simulation [get_files c:/Projects/pi-radio/HW/sims/cfo_correction/cfo_correction.srcs/sources_1/bd/cfo_correction/cfo_correction.bd]
set_property CONFIG.FREQ_HZ 249997498 [get_bd_ports axis_aclk]
validate_bd_design
save_bd_design
generate_target Simulation [get_files c:/Projects/pi-radio/HW/sims/cfo_correction/cfo_correction.srcs/sources_1/ip/dds_compiler_0/dds_compiler_0.xci]
generate_target Simulation [get_files c:/Projects/pi-radio/HW/sims/cfo_correction/cfo_correction.srcs/sources_1/ip/cmpy_0/cmpy_0.xci]
generate_target Simulation [get_files c:/Projects/pi-radio/HW/sims/cfo_correction/cfo_correction.srcs/sources_1/ip/cordic_0/cordic_0.xci]
generate_target Simulation [get_files c:/Projects/pi-radio/HW/sims/cfo_correction/cfo_correction.srcs/sources_1/ip/cmpy_0/cmpy_0.xci]
generate_target Simulation [get_files c:/Projects/pi-radio/HW/sims/cfo_correction/cfo_correction.srcs/sources_1/ip/dsp_macro_0/dsp_macro_0.xci]
generate_target Simulation [get_files c:/Projects/pi-radio/HW/sims/cfo_correction/cfo_correction.srcs/sources_1/bd/cfo_correction/cfo_correction.bd]
export_ip_user_files -of_objects [get_files c:/Projects/pi-radio/HW/sims/cfo_correction/cfo_correction.srcs/sources_1/bd/cfo_correction/cfo_correction.bd] -no_script -sync -force -quiet
export_simulation -of_objects [get_files c:/Projects/pi-radio/HW/sims/cfo_correction/cfo_correction.srcs/sources_1/bd/cfo_correction/cfo_correction.bd] -directory c:/Projects/pi-radio/HW/sims/cfo_correction/cfo_correction.ip_user_files/sim_scripts -ip_user_files_dir c:/Projects/pi-radio/HW/sims/cfo_correction/cfo_correction.ip_user_files -ipstatic_source_dir c:/Projects/pi-radio/HW/sims/cfo_correction/cfo_correction.ip_user_files/ipstatic -lib_map_path [list {modelsim=c:/Projects/pi-radio/HW/sims/cfo_correction/cfo_correction.cache/compile_simlib/modelsim} {questa=c:/Projects/pi-radio/HW/sims/cfo_correction/cfo_correction.cache/compile_simlib/questa} {riviera=c:/Projects/pi-radio/HW/sims/cfo_correction/cfo_correction.cache/compile_simlib/riviera} {activehdl=c:/Projects/pi-radio/HW/sims/cfo_correction/cfo_correction.cache/compile_simlib/activehdl}] -use_ip_compiled_libs -force -quiet
launch_simulation
open_wave_config c:/Projects/pi-radio/HW/sims/cfo_correction_top_tb_func_synth.wcfg
source cfo_correction_top_tb.tcl
restart
run all
open_bd_design {c:/Projects/pi-radio/HW/sims/cfo_correction/cfo_correction.srcs/sources_1/bd/cfo_correction/cfo_correction.bd}
add_files -norecurse C:/Projects/pi-radio/HW/modules/src/rtl/tlast_symbol.vhd
update_compile_order -fileset sources_1
create_bd_cell -type module -reference tlast_symbol tlast_symbol_0
delete_bd_objs [get_bd_intf_nets Mixer_m_axis_0]
connect_bd_intf_net -boundary_type upper [get_bd_intf_pins Mixer/m_axis_0] [get_bd_intf_pins tlast_symbol_0/s_axis]
connect_bd_intf_net [get_bd_intf_pins tlast_symbol_0/m_axis] [get_bd_intf_pins mux_0/s_axis0]
connect_bd_net [get_bd_ports axis_aclk] [get_bd_pins tlast_symbol_0/axis_aclk]
connect_bd_net [get_bd_ports axis_aresetn] [get_bd_pins tlast_symbol_0/axis_aresetn]
regenerate_bd_layout
validate_bd_design
save_wave_config {c:/Projects/pi-radio/HW/sims/cfo_correction_top_tb_func_synth.wcfg}
close_sim
save_bd_design
generate_target Simulation [get_files c:/Projects/pi-radio/HW/sims/cfo_correction/cfo_correction.srcs/sources_1/ip/dds_compiler_0/dds_compiler_0.xci]
generate_target Simulation [get_files c:/Projects/pi-radio/HW/sims/cfo_correction/cfo_correction.srcs/sources_1/ip/cmpy_0/cmpy_0.xci]
generate_target Simulation [get_files c:/Projects/pi-radio/HW/sims/cfo_correction/cfo_correction.srcs/sources_1/ip/cordic_0/cordic_0.xci]
generate_target Simulation [get_files c:/Projects/pi-radio/HW/sims/cfo_correction/cfo_correction.srcs/sources_1/ip/cmpy_0/cmpy_0.xci]
generate_target Simulation [get_files c:/Projects/pi-radio/HW/sims/cfo_correction/cfo_correction.srcs/sources_1/ip/dsp_macro_0/dsp_macro_0.xci]
generate_target Simulation [get_files c:/Projects/pi-radio/HW/sims/cfo_correction/cfo_correction.srcs/sources_1/bd/cfo_correction/cfo_correction.bd]
export_ip_user_files -of_objects [get_files c:/Projects/pi-radio/HW/sims/cfo_correction/cfo_correction.srcs/sources_1/bd/cfo_correction/cfo_correction.bd] -no_script -sync -force -quiet
export_simulation -of_objects [get_files c:/Projects/pi-radio/HW/sims/cfo_correction/cfo_correction.srcs/sources_1/bd/cfo_correction/cfo_correction.bd] -directory c:/Projects/pi-radio/HW/sims/cfo_correction/cfo_correction.ip_user_files/sim_scripts -ip_user_files_dir c:/Projects/pi-radio/HW/sims/cfo_correction/cfo_correction.ip_user_files -ipstatic_source_dir c:/Projects/pi-radio/HW/sims/cfo_correction/cfo_correction.ip_user_files/ipstatic -lib_map_path [list {modelsim=c:/Projects/pi-radio/HW/sims/cfo_correction/cfo_correction.cache/compile_simlib/modelsim} {questa=c:/Projects/pi-radio/HW/sims/cfo_correction/cfo_correction.cache/compile_simlib/questa} {riviera=c:/Projects/pi-radio/HW/sims/cfo_correction/cfo_correction.cache/compile_simlib/riviera} {activehdl=c:/Projects/pi-radio/HW/sims/cfo_correction/cfo_correction.cache/compile_simlib/activehdl}] -use_ip_compiled_libs -force -quiet
launch_simulation
update_compile_order -fileset sources_1
update_module_reference cfo_correction_tlast_symbol_0_0
validate_bd_design
save_bd_design
generate_target Simulation [get_files c:/Projects/pi-radio/HW/sims/cfo_correction/cfo_correction.srcs/sources_1/ip/dds_compiler_0/dds_compiler_0.xci]
generate_target Simulation [get_files c:/Projects/pi-radio/HW/sims/cfo_correction/cfo_correction.srcs/sources_1/ip/cmpy_0/cmpy_0.xci]
generate_target Simulation [get_files c:/Projects/pi-radio/HW/sims/cfo_correction/cfo_correction.srcs/sources_1/ip/cordic_0/cordic_0.xci]
generate_target Simulation [get_files c:/Projects/pi-radio/HW/sims/cfo_correction/cfo_correction.srcs/sources_1/ip/cmpy_0/cmpy_0.xci]
generate_target Simulation [get_files c:/Projects/pi-radio/HW/sims/cfo_correction/cfo_correction.srcs/sources_1/ip/dsp_macro_0/dsp_macro_0.xci]
generate_target Simulation [get_files c:/Projects/pi-radio/HW/sims/cfo_correction/cfo_correction.srcs/sources_1/bd/cfo_correction/cfo_correction.bd]
export_ip_user_files -of_objects [get_files c:/Projects/pi-radio/HW/sims/cfo_correction/cfo_correction.srcs/sources_1/bd/cfo_correction/cfo_correction.bd] -no_script -sync -force -quiet
export_simulation -of_objects [get_files c:/Projects/pi-radio/HW/sims/cfo_correction/cfo_correction.srcs/sources_1/bd/cfo_correction/cfo_correction.bd] -directory c:/Projects/pi-radio/HW/sims/cfo_correction/cfo_correction.ip_user_files/sim_scripts -ip_user_files_dir c:/Projects/pi-radio/HW/sims/cfo_correction/cfo_correction.ip_user_files -ipstatic_source_dir c:/Projects/pi-radio/HW/sims/cfo_correction/cfo_correction.ip_user_files/ipstatic -lib_map_path [list {modelsim=c:/Projects/pi-radio/HW/sims/cfo_correction/cfo_correction.cache/compile_simlib/modelsim} {questa=c:/Projects/pi-radio/HW/sims/cfo_correction/cfo_correction.cache/compile_simlib/questa} {riviera=c:/Projects/pi-radio/HW/sims/cfo_correction/cfo_correction.cache/compile_simlib/riviera} {activehdl=c:/Projects/pi-radio/HW/sims/cfo_correction/cfo_correction.cache/compile_simlib/activehdl}] -use_ip_compiled_libs -force -quiet
launch_simulation
update_module_reference cfo_correction_tlast_symbol_0_0
generate_target Simulation [get_files c:/Projects/pi-radio/HW/sims/cfo_correction/cfo_correction.srcs/sources_1/ip/dds_compiler_0/dds_compiler_0.xci]
generate_target Simulation [get_files c:/Projects/pi-radio/HW/sims/cfo_correction/cfo_correction.srcs/sources_1/ip/cmpy_0/cmpy_0.xci]
generate_target Simulation [get_files c:/Projects/pi-radio/HW/sims/cfo_correction/cfo_correction.srcs/sources_1/ip/cordic_0/cordic_0.xci]
generate_target Simulation [get_files c:/Projects/pi-radio/HW/sims/cfo_correction/cfo_correction.srcs/sources_1/ip/cmpy_0/cmpy_0.xci]
generate_target Simulation [get_files c:/Projects/pi-radio/HW/sims/cfo_correction/cfo_correction.srcs/sources_1/ip/dsp_macro_0/dsp_macro_0.xci]
generate_target Simulation [get_files c:/Projects/pi-radio/HW/sims/cfo_correction/cfo_correction.srcs/sources_1/bd/cfo_correction/cfo_correction.bd]
export_ip_user_files -of_objects [get_files c:/Projects/pi-radio/HW/sims/cfo_correction/cfo_correction.srcs/sources_1/bd/cfo_correction/cfo_correction.bd] -no_script -sync -force -quiet
export_simulation -of_objects [get_files c:/Projects/pi-radio/HW/sims/cfo_correction/cfo_correction.srcs/sources_1/bd/cfo_correction/cfo_correction.bd] -directory c:/Projects/pi-radio/HW/sims/cfo_correction/cfo_correction.ip_user_files/sim_scripts -ip_user_files_dir c:/Projects/pi-radio/HW/sims/cfo_correction/cfo_correction.ip_user_files -ipstatic_source_dir c:/Projects/pi-radio/HW/sims/cfo_correction/cfo_correction.ip_user_files/ipstatic -lib_map_path [list {modelsim=c:/Projects/pi-radio/HW/sims/cfo_correction/cfo_correction.cache/compile_simlib/modelsim} {questa=c:/Projects/pi-radio/HW/sims/cfo_correction/cfo_correction.cache/compile_simlib/questa} {riviera=c:/Projects/pi-radio/HW/sims/cfo_correction/cfo_correction.cache/compile_simlib/riviera} {activehdl=c:/Projects/pi-radio/HW/sims/cfo_correction/cfo_correction.cache/compile_simlib/activehdl}] -use_ip_compiled_libs -force -quiet
launch_simulation
open_wave_config c:/Projects/pi-radio/HW/sims/cfo_correction_top_tb_func_synth.wcfg
source cfo_correction_top_tb.tcl
restart
run all
restart
run all
restart
run all
open_bd_design {c:/Projects/pi-radio/HW/sims/cfo_correction/cfo_correction.srcs/sources_1/bd/cfo_correction/cfo_correction.bd}
update_module_reference cfo_correction_tlast_symbol_0_0
save_wave_config {c:/Projects/pi-radio/HW/sims/cfo_correction_top_tb_func_synth.wcfg}
close_sim
generate_target Simulation [get_files c:/Projects/pi-radio/HW/sims/cfo_correction/cfo_correction.srcs/sources_1/ip/dds_compiler_0/dds_compiler_0.xci]
generate_target Simulation [get_files c:/Projects/pi-radio/HW/sims/cfo_correction/cfo_correction.srcs/sources_1/ip/cmpy_0/cmpy_0.xci]
generate_target Simulation [get_files c:/Projects/pi-radio/HW/sims/cfo_correction/cfo_correction.srcs/sources_1/ip/cordic_0/cordic_0.xci]
generate_target Simulation [get_files c:/Projects/pi-radio/HW/sims/cfo_correction/cfo_correction.srcs/sources_1/ip/cmpy_0/cmpy_0.xci]
generate_target Simulation [get_files c:/Projects/pi-radio/HW/sims/cfo_correction/cfo_correction.srcs/sources_1/ip/dsp_macro_0/dsp_macro_0.xci]
generate_target Simulation [get_files c:/Projects/pi-radio/HW/sims/cfo_correction/cfo_correction.srcs/sources_1/bd/cfo_correction/cfo_correction.bd]
export_ip_user_files -of_objects [get_files c:/Projects/pi-radio/HW/sims/cfo_correction/cfo_correction.srcs/sources_1/bd/cfo_correction/cfo_correction.bd] -no_script -sync -force -quiet
export_simulation -of_objects [get_files c:/Projects/pi-radio/HW/sims/cfo_correction/cfo_correction.srcs/sources_1/bd/cfo_correction/cfo_correction.bd] -directory c:/Projects/pi-radio/HW/sims/cfo_correction/cfo_correction.ip_user_files/sim_scripts -ip_user_files_dir c:/Projects/pi-radio/HW/sims/cfo_correction/cfo_correction.ip_user_files -ipstatic_source_dir c:/Projects/pi-radio/HW/sims/cfo_correction/cfo_correction.ip_user_files/ipstatic -lib_map_path [list {modelsim=c:/Projects/pi-radio/HW/sims/cfo_correction/cfo_correction.cache/compile_simlib/modelsim} {questa=c:/Projects/pi-radio/HW/sims/cfo_correction/cfo_correction.cache/compile_simlib/questa} {riviera=c:/Projects/pi-radio/HW/sims/cfo_correction/cfo_correction.cache/compile_simlib/riviera} {activehdl=c:/Projects/pi-radio/HW/sims/cfo_correction/cfo_correction.cache/compile_simlib/activehdl}] -use_ip_compiled_libs -force -quiet
launch_simulation
update_module_reference cfo_correction_tlast_symbol_0_0
generate_target Simulation [get_files c:/Projects/pi-radio/HW/sims/cfo_correction/cfo_correction.srcs/sources_1/ip/dds_compiler_0/dds_compiler_0.xci]
generate_target Simulation [get_files c:/Projects/pi-radio/HW/sims/cfo_correction/cfo_correction.srcs/sources_1/ip/cmpy_0/cmpy_0.xci]
generate_target Simulation [get_files c:/Projects/pi-radio/HW/sims/cfo_correction/cfo_correction.srcs/sources_1/ip/cordic_0/cordic_0.xci]
generate_target Simulation [get_files c:/Projects/pi-radio/HW/sims/cfo_correction/cfo_correction.srcs/sources_1/ip/cmpy_0/cmpy_0.xci]
generate_target Simulation [get_files c:/Projects/pi-radio/HW/sims/cfo_correction/cfo_correction.srcs/sources_1/ip/dsp_macro_0/dsp_macro_0.xci]
generate_target Simulation [get_files c:/Projects/pi-radio/HW/sims/cfo_correction/cfo_correction.srcs/sources_1/bd/cfo_correction/cfo_correction.bd]
export_ip_user_files -of_objects [get_files c:/Projects/pi-radio/HW/sims/cfo_correction/cfo_correction.srcs/sources_1/bd/cfo_correction/cfo_correction.bd] -no_script -sync -force -quiet
export_simulation -of_objects [get_files c:/Projects/pi-radio/HW/sims/cfo_correction/cfo_correction.srcs/sources_1/bd/cfo_correction/cfo_correction.bd] -directory c:/Projects/pi-radio/HW/sims/cfo_correction/cfo_correction.ip_user_files/sim_scripts -ip_user_files_dir c:/Projects/pi-radio/HW/sims/cfo_correction/cfo_correction.ip_user_files -ipstatic_source_dir c:/Projects/pi-radio/HW/sims/cfo_correction/cfo_correction.ip_user_files/ipstatic -lib_map_path [list {modelsim=c:/Projects/pi-radio/HW/sims/cfo_correction/cfo_correction.cache/compile_simlib/modelsim} {questa=c:/Projects/pi-radio/HW/sims/cfo_correction/cfo_correction.cache/compile_simlib/questa} {riviera=c:/Projects/pi-radio/HW/sims/cfo_correction/cfo_correction.cache/compile_simlib/riviera} {activehdl=c:/Projects/pi-radio/HW/sims/cfo_correction/cfo_correction.cache/compile_simlib/activehdl}] -use_ip_compiled_libs -force -quiet
launch_simulation
open_wave_config c:/Projects/pi-radio/HW/sims/cfo_correction_top_tb_func_synth.wcfg
source cfo_correction_top_tb.tcl
restart
run all
open_bd_design {c:/Projects/pi-radio/HW/sims/cfo_correction/cfo_correction.srcs/sources_1/bd/cfo_correction/cfo_correction.bd}
write_bd_tcl -force -no_ip_version ../../bd/cfo_correction_bd.tcl
close_sim
